// Jest Snapshot v1, https://goo.gl/fbAQLP

exports[`TimeWheelPicker renders correctly 1`] = `
<div>
  <div
    class="quill-generic-picker__container"
  >
    <div>
      <div
        class="quill-input__container"
      >
        <div
          class="quill-input__wrapper quill-input__wrapper--has-value quill-input__wrapper__variant--outline quill-input__wrapper__variant--outline--neutral quill-input__wrapper__size--md quill-generic-picker__input quill-generic-picker__input--is-open-false--undefined--undefined"
        >
          <div
            class="quill-input-icons__wrapper"
          >
            <div
              class="quill-input-label__wrapper quill-input-label__wrapper--has-value"
            >
              <input
                autocomplete="off"
                class="input peer input__align--left input__size--md"
                id="quill-input-1"
                placeholder=""
                readonly=""
                type="text"
                value="12:00 AM"
              />
              <label
                class="label label__status--neutral"
                for="quill-input-1"
              >
                test
              </label>
            </div>
            <svg
              class="quill-input__rotate quill-input__icon"
              data-state="close"
              height="24"
              role="img"
              viewBox="0 0 14 22"
              width="24"
              xmlns="http://www.w3.org/2000/svg"
            >
              <g>
                <path
                  d="m6.535 14.715-5.25-5.25c-.273-.246-.273-.656 0-.93.246-.246.656-.246.93 0L7 13.348l4.785-4.786c.246-.273.656-.273.93 0a.644.644 0 0 1 0 .903l-5.277 5.25a.6.6 0 0 1-.903 0"
                />
              </g>
              <defs>
                <clippath
                  id="089cb08a4a23034cce0572ced2f706b6__a"
                >
                  <path
                    d="M0 0h14v22H0z"
                  />
                </clippath>
              </defs>
            </svg>
          </div>
        </div>
      </div>
    </div>
    <div
      class="quill-generic-picker__content--container"
    >
      <div
        class="quill-generic-picker__content"
      >
        <div
          class="quill-wheel-picker"
        >
          <div
            class="quill-wheel-picker__container quill-wheel-picker__container-disabled-undefined"
            style="height: 100%;"
          >
            <ul
              class="quill-wheel-picker__data-items quill-wheel-picker__data-items-left"
              role="listbox"
            >
              <li
                class="quill-dropdown-item quill-dropdown-item__size--md quill-dropdown-item__align-center quill-dropdown-item__selected--false__disabled--true quill-wheel-picker__data-item"
                role="option"
                tabindex="0"
              >
                <p
                  class="quill-typography quill-typography__body-text__size--md__weight--regular__decoration--default quill-typography__color--default quill-dropdown-item-label quill-typography__color--disabled"
                >
                  01
                </p>
              </li>
              <li
                class="quill-dropdown-item quill-dropdown-item__size--md quill-dropdown-item__align-center quill-dropdown-item__selected--false__disabled--true quill-wheel-picker__data-item"
                role="option"
                tabindex="0"
              >
                <p
                  class="quill-typography quill-typography__body-text__size--md__weight--regular__decoration--default quill-typography__color--default quill-dropdown-item-label quill-typography__color--disabled"
                >
                  02
                </p>
              </li>
              <li
                class="quill-dropdown-item quill-dropdown-item__size--md quill-dropdown-item__align-center quill-dropdown-item__selected--false__disabled--true quill-wheel-picker__data-item"
                role="option"
                tabindex="0"
              >
                <p
                  class="quill-typography quill-typography__body-text__size--md__weight--regular__decoration--default quill-typography__color--default quill-dropdown-item-label quill-typography__color--disabled"
                >
                  03
                </p>
              </li>
              <li
                class="quill-dropdown-item quill-dropdown-item__size--md quill-dropdown-item__align-center quill-dropdown-item__selected--false__disabled--true quill-wheel-picker__data-item"
                role="option"
                tabindex="0"
              >
                <p
                  class="quill-typography quill-typography__body-text__size--md__weight--regular__decoration--default quill-typography__color--default quill-dropdown-item-label quill-typography__color--disabled"
                >
                  04
                </p>
              </li>
              <li
                class="quill-dropdown-item quill-dropdown-item__size--md quill-dropdown-item__align-center quill-dropdown-item__selected--false__disabled--true quill-wheel-picker__data-item"
                role="option"
                tabindex="0"
              >
                <p
                  class="quill-typography quill-typography__body-text__size--md__weight--regular__decoration--default quill-typography__color--default quill-dropdown-item-label quill-typography__color--disabled"
                >
                  05
                </p>
              </li>
              <li
                class="quill-dropdown-item quill-dropdown-item__size--md quill-dropdown-item__align-center quill-dropdown-item__selected--false__disabled--true quill-wheel-picker__data-item"
                role="option"
                tabindex="0"
              >
                <p
                  class="quill-typography quill-typography__body-text__size--md__weight--regular__decoration--default quill-typography__color--default quill-dropdown-item-label quill-typography__color--disabled"
                >
                  06
                </p>
              </li>
              <li
                class="quill-dropdown-item quill-dropdown-item__size--md quill-dropdown-item__align-center quill-dropdown-item__selected--false__disabled--true quill-wheel-picker__data-item"
                role="option"
                tabindex="0"
              >
                <p
                  class="quill-typography quill-typography__body-text__size--md__weight--regular__decoration--default quill-typography__color--default quill-dropdown-item-label quill-typography__color--disabled"
                >
                  07
                </p>
              </li>
              <li
                class="quill-dropdown-item quill-dropdown-item__size--md quill-dropdown-item__align-center quill-dropdown-item__selected--false__disabled--true quill-wheel-picker__data-item"
                role="option"
                tabindex="0"
              >
                <p
                  class="quill-typography quill-typography__body-text__size--md__weight--regular__decoration--default quill-typography__color--default quill-dropdown-item-label quill-typography__color--disabled"
                >
                  08
                </p>
              </li>
              <li
                class="quill-dropdown-item quill-dropdown-item__size--md quill-dropdown-item__align-center quill-dropdown-item__selected--false__disabled--true quill-wheel-picker__data-item"
                role="option"
                tabindex="0"
              >
                <p
                  class="quill-typography quill-typography__body-text__size--md__weight--regular__decoration--default quill-typography__color--default quill-dropdown-item-label quill-typography__color--disabled"
                >
                  09
                </p>
              </li>
              <li
                class="quill-dropdown-item quill-dropdown-item__size--md quill-dropdown-item__align-center quill-dropdown-item__selected--false__disabled--true quill-wheel-picker__data-item"
                role="option"
                tabindex="0"
              >
                <p
                  class="quill-typography quill-typography__body-text__size--md__weight--regular__decoration--default quill-typography__color--default quill-dropdown-item-label quill-typography__color--disabled"
                >
                  10
                </p>
              </li>
              <li
                class="quill-dropdown-item quill-dropdown-item__size--md quill-dropdown-item__align-center quill-dropdown-item__selected--false__disabled--true quill-wheel-picker__data-item"
                role="option"
                tabindex="0"
              >
                <p
                  class="quill-typography quill-typography__body-text__size--md__weight--regular__decoration--default quill-typography__color--default quill-dropdown-item-label quill-typography__color--disabled"
                >
                  11
                </p>
              </li>
              <li
                class="quill-dropdown-item quill-dropdown-item__size--md quill-dropdown-item__align-center quill-dropdown-item__selected--false__disabled--false quill-wheel-picker__data-item"
                role="option"
                tabindex="0"
              >
                <p
                  class="quill-typography quill-typography__body-text__size--md__weight--regular__decoration--default quill-typography__color--default quill-dropdown-item-label"
                >
                  12
                </p>
              </li>
            </ul>
          </div>
          <div
            class="quill-wheel-picker__container quill-wheel-picker__container-disabled-undefined"
            style="height: 100%;"
          >
            <ul
              class="quill-wheel-picker__data-items quill-wheel-picker__data-items-center quill-wheel-picker__data-items__minute"
              role="listbox"
            >
              <li
                class="quill-dropdown-item quill-dropdown-item__size--md quill-dropdown-item__align-center quill-dropdown-item__selected--false__disabled--false quill-wheel-picker__data-item"
                role="option"
                tabindex="0"
              >
                <p
                  class="quill-typography quill-typography__body-text__size--md__weight--regular__decoration--default quill-typography__color--default quill-dropdown-item-label"
                >
                  00
                </p>
              </li>
              <li
                class="quill-dropdown-item quill-dropdown-item__size--md quill-dropdown-item__align-center quill-dropdown-item__selected--false__disabled--true quill-wheel-picker__data-item"
                role="option"
                tabindex="0"
              >
                <p
                  class="quill-typography quill-typography__body-text__size--md__weight--regular__decoration--default quill-typography__color--default quill-dropdown-item-label quill-typography__color--disabled"
                >
                  01
                </p>
              </li>
              <li
                class="quill-dropdown-item quill-dropdown-item__size--md quill-dropdown-item__align-center quill-dropdown-item__selected--false__disabled--true quill-wheel-picker__data-item"
                role="option"
                tabindex="0"
              >
                <p
                  class="quill-typography quill-typography__body-text__size--md__weight--regular__decoration--default quill-typography__color--default quill-dropdown-item-label quill-typography__color--disabled"
                >
                  02
                </p>
              </li>
              <li
                class="quill-dropdown-item quill-dropdown-item__size--md quill-dropdown-item__align-center quill-dropdown-item__selected--false__disabled--true quill-wheel-picker__data-item"
                role="option"
                tabindex="0"
              >
                <p
                  class="quill-typography quill-typography__body-text__size--md__weight--regular__decoration--default quill-typography__color--default quill-dropdown-item-label quill-typography__color--disabled"
                >
                  03
                </p>
              </li>
              <li
                class="quill-dropdown-item quill-dropdown-item__size--md quill-dropdown-item__align-center quill-dropdown-item__selected--false__disabled--true quill-wheel-picker__data-item"
                role="option"
                tabindex="0"
              >
                <p
                  class="quill-typography quill-typography__body-text__size--md__weight--regular__decoration--default quill-typography__color--default quill-dropdown-item-label quill-typography__color--disabled"
                >
                  04
                </p>
              </li>
              <li
                class="quill-dropdown-item quill-dropdown-item__size--md quill-dropdown-item__align-center quill-dropdown-item__selected--false__disabled--true quill-wheel-picker__data-item"
                role="option"
                tabindex="0"
              >
                <p
                  class="quill-typography quill-typography__body-text__size--md__weight--regular__decoration--default quill-typography__color--default quill-dropdown-item-label quill-typography__color--disabled"
                >
                  05
                </p>
              </li>
              <li
                class="quill-dropdown-item quill-dropdown-item__size--md quill-dropdown-item__align-center quill-dropdown-item__selected--false__disabled--true quill-wheel-picker__data-item"
                role="option"
                tabindex="0"
              >
                <p
                  class="quill-typography quill-typography__body-text__size--md__weight--regular__decoration--default quill-typography__color--default quill-dropdown-item-label quill-typography__color--disabled"
                >
                  06
                </p>
              </li>
              <li
                class="quill-dropdown-item quill-dropdown-item__size--md quill-dropdown-item__align-center quill-dropdown-item__selected--false__disabled--true quill-wheel-picker__data-item"
                role="option"
                tabindex="0"
              >
                <p
                  class="quill-typography quill-typography__body-text__size--md__weight--regular__decoration--default quill-typography__color--default quill-dropdown-item-label quill-typography__color--disabled"
                >
                  07
                </p>
              </li>
              <li
                class="quill-dropdown-item quill-dropdown-item__size--md quill-dropdown-item__align-center quill-dropdown-item__selected--false__disabled--true quill-wheel-picker__data-item"
                role="option"
                tabindex="0"
              >
                <p
                  class="quill-typography quill-typography__body-text__size--md__weight--regular__decoration--default quill-typography__color--default quill-dropdown-item-label quill-typography__color--disabled"
                >
                  08
                </p>
              </li>
              <li
                class="quill-dropdown-item quill-dropdown-item__size--md quill-dropdown-item__align-center quill-dropdown-item__selected--false__disabled--true quill-wheel-picker__data-item"
                role="option"
                tabindex="0"
              >
                <p
                  class="quill-typography quill-typography__body-text__size--md__weight--regular__decoration--default quill-typography__color--default quill-dropdown-item-label quill-typography__color--disabled"
                >
                  09
                </p>
              </li>
              <li
                class="quill-dropdown-item quill-dropdown-item__size--md quill-dropdown-item__align-center quill-dropdown-item__selected--false__disabled--true quill-wheel-picker__data-item"
                role="option"
                tabindex="0"
              >
                <p
                  class="quill-typography quill-typography__body-text__size--md__weight--regular__decoration--default quill-typography__color--default quill-dropdown-item-label quill-typography__color--disabled"
                >
                  10
                </p>
              </li>
              <li
                class="quill-dropdown-item quill-dropdown-item__size--md quill-dropdown-item__align-center quill-dropdown-item__selected--false__disabled--true quill-wheel-picker__data-item"
                role="option"
                tabindex="0"
              >
                <p
                  class="quill-typography quill-typography__body-text__size--md__weight--regular__decoration--default quill-typography__color--default quill-dropdown-item-label quill-typography__color--disabled"
                >
                  11
                </p>
              </li>
              <li
                class="quill-dropdown-item quill-dropdown-item__size--md quill-dropdown-item__align-center quill-dropdown-item__selected--false__disabled--true quill-wheel-picker__data-item"
                role="option"
                tabindex="0"
              >
                <p
                  class="quill-typography quill-typography__body-text__size--md__weight--regular__decoration--default quill-typography__color--default quill-dropdown-item-label quill-typography__color--disabled"
                >
                  12
                </p>
              </li>
              <li
                class="quill-dropdown-item quill-dropdown-item__size--md quill-dropdown-item__align-center quill-dropdown-item__selected--false__disabled--true quill-wheel-picker__data-item"
                role="option"
                tabindex="0"
              >
                <p
                  class="quill-typography quill-typography__body-text__size--md__weight--regular__decoration--default quill-typography__color--default quill-dropdown-item-label quill-typography__color--disabled"
                >
                  13
                </p>
              </li>
              <li
                class="quill-dropdown-item quill-dropdown-item__size--md quill-dropdown-item__align-center quill-dropdown-item__selected--false__disabled--true quill-wheel-picker__data-item"
                role="option"
                tabindex="0"
              >
                <p
                  class="quill-typography quill-typography__body-text__size--md__weight--regular__decoration--default quill-typography__color--default quill-dropdown-item-label quill-typography__color--disabled"
                >
                  14
                </p>
              </li>
              <li
                class="quill-dropdown-item quill-dropdown-item__size--md quill-dropdown-item__align-center quill-dropdown-item__selected--false__disabled--true quill-wheel-picker__data-item"
                role="option"
                tabindex="0"
              >
                <p
                  class="quill-typography quill-typography__body-text__size--md__weight--regular__decoration--default quill-typography__color--default quill-dropdown-item-label quill-typography__color--disabled"
                >
                  15
                </p>
              </li>
              <li
                class="quill-dropdown-item quill-dropdown-item__size--md quill-dropdown-item__align-center quill-dropdown-item__selected--false__disabled--true quill-wheel-picker__data-item"
                role="option"
                tabindex="0"
              >
                <p
                  class="quill-typography quill-typography__body-text__size--md__weight--regular__decoration--default quill-typography__color--default quill-dropdown-item-label quill-typography__color--disabled"
                >
                  16
                </p>
              </li>
              <li
                class="quill-dropdown-item quill-dropdown-item__size--md quill-dropdown-item__align-center quill-dropdown-item__selected--false__disabled--true quill-wheel-picker__data-item"
                role="option"
                tabindex="0"
              >
                <p
                  class="quill-typography quill-typography__body-text__size--md__weight--regular__decoration--default quill-typography__color--default quill-dropdown-item-label quill-typography__color--disabled"
                >
                  17
                </p>
              </li>
              <li
                class="quill-dropdown-item quill-dropdown-item__size--md quill-dropdown-item__align-center quill-dropdown-item__selected--false__disabled--true quill-wheel-picker__data-item"
                role="option"
                tabindex="0"
              >
                <p
                  class="quill-typography quill-typography__body-text__size--md__weight--regular__decoration--default quill-typography__color--default quill-dropdown-item-label quill-typography__color--disabled"
                >
                  18
                </p>
              </li>
              <li
                class="quill-dropdown-item quill-dropdown-item__size--md quill-dropdown-item__align-center quill-dropdown-item__selected--false__disabled--true quill-wheel-picker__data-item"
                role="option"
                tabindex="0"
              >
                <p
                  class="quill-typography quill-typography__body-text__size--md__weight--regular__decoration--default quill-typography__color--default quill-dropdown-item-label quill-typography__color--disabled"
                >
                  19
                </p>
              </li>
              <li
                class="quill-dropdown-item quill-dropdown-item__size--md quill-dropdown-item__align-center quill-dropdown-item__selected--false__disabled--true quill-wheel-picker__data-item"
                role="option"
                tabindex="0"
              >
                <p
                  class="quill-typography quill-typography__body-text__size--md__weight--regular__decoration--default quill-typography__color--default quill-dropdown-item-label quill-typography__color--disabled"
                >
                  20
                </p>
              </li>
              <li
                class="quill-dropdown-item quill-dropdown-item__size--md quill-dropdown-item__align-center quill-dropdown-item__selected--false__disabled--true quill-wheel-picker__data-item"
                role="option"
                tabindex="0"
              >
                <p
                  class="quill-typography quill-typography__body-text__size--md__weight--regular__decoration--default quill-typography__color--default quill-dropdown-item-label quill-typography__color--disabled"
                >
                  21
                </p>
              </li>
              <li
                class="quill-dropdown-item quill-dropdown-item__size--md quill-dropdown-item__align-center quill-dropdown-item__selected--false__disabled--true quill-wheel-picker__data-item"
                role="option"
                tabindex="0"
              >
                <p
                  class="quill-typography quill-typography__body-text__size--md__weight--regular__decoration--default quill-typography__color--default quill-dropdown-item-label quill-typography__color--disabled"
                >
                  22
                </p>
              </li>
              <li
                class="quill-dropdown-item quill-dropdown-item__size--md quill-dropdown-item__align-center quill-dropdown-item__selected--false__disabled--true quill-wheel-picker__data-item"
                role="option"
                tabindex="0"
              >
                <p
                  class="quill-typography quill-typography__body-text__size--md__weight--regular__decoration--default quill-typography__color--default quill-dropdown-item-label quill-typography__color--disabled"
                >
                  23
                </p>
              </li>
              <li
                class="quill-dropdown-item quill-dropdown-item__size--md quill-dropdown-item__align-center quill-dropdown-item__selected--false__disabled--true quill-wheel-picker__data-item"
                role="option"
                tabindex="0"
              >
                <p
                  class="quill-typography quill-typography__body-text__size--md__weight--regular__decoration--default quill-typography__color--default quill-dropdown-item-label quill-typography__color--disabled"
                >
                  24
                </p>
              </li>
              <li
                class="quill-dropdown-item quill-dropdown-item__size--md quill-dropdown-item__align-center quill-dropdown-item__selected--false__disabled--true quill-wheel-picker__data-item"
                role="option"
                tabindex="0"
              >
                <p
                  class="quill-typography quill-typography__body-text__size--md__weight--regular__decoration--default quill-typography__color--default quill-dropdown-item-label quill-typography__color--disabled"
                >
                  25
                </p>
              </li>
              <li
                class="quill-dropdown-item quill-dropdown-item__size--md quill-dropdown-item__align-center quill-dropdown-item__selected--false__disabled--true quill-wheel-picker__data-item"
                role="option"
                tabindex="0"
              >
                <p
                  class="quill-typography quill-typography__body-text__size--md__weight--regular__decoration--default quill-typography__color--default quill-dropdown-item-label quill-typography__color--disabled"
                >
                  26
                </p>
              </li>
              <li
                class="quill-dropdown-item quill-dropdown-item__size--md quill-dropdown-item__align-center quill-dropdown-item__selected--false__disabled--true quill-wheel-picker__data-item"
                role="option"
                tabindex="0"
              >
                <p
                  class="quill-typography quill-typography__body-text__size--md__weight--regular__decoration--default quill-typography__color--default quill-dropdown-item-label quill-typography__color--disabled"
                >
                  27
                </p>
              </li>
              <li
                class="quill-dropdown-item quill-dropdown-item__size--md quill-dropdown-item__align-center quill-dropdown-item__selected--false__disabled--true quill-wheel-picker__data-item"
                role="option"
                tabindex="0"
              >
                <p
                  class="quill-typography quill-typography__body-text__size--md__weight--regular__decoration--default quill-typography__color--default quill-dropdown-item-label quill-typography__color--disabled"
                >
                  28
                </p>
              </li>
              <li
                class="quill-dropdown-item quill-dropdown-item__size--md quill-dropdown-item__align-center quill-dropdown-item__selected--false__disabled--true quill-wheel-picker__data-item"
                role="option"
                tabindex="0"
              >
                <p
                  class="quill-typography quill-typography__body-text__size--md__weight--regular__decoration--default quill-typography__color--default quill-dropdown-item-label quill-typography__color--disabled"
                >
                  29
                </p>
              </li>
              <li
                class="quill-dropdown-item quill-dropdown-item__size--md quill-dropdown-item__align-center quill-dropdown-item__selected--false__disabled--true quill-wheel-picker__data-item"
                role="option"
                tabindex="0"
              >
                <p
                  class="quill-typography quill-typography__body-text__size--md__weight--regular__decoration--default quill-typography__color--default quill-dropdown-item-label quill-typography__color--disabled"
                >
                  30
                </p>
              </li>
              <li
                class="quill-dropdown-item quill-dropdown-item__size--md quill-dropdown-item__align-center quill-dropdown-item__selected--false__disabled--true quill-wheel-picker__data-item"
                role="option"
                tabindex="0"
              >
                <p
                  class="quill-typography quill-typography__body-text__size--md__weight--regular__decoration--default quill-typography__color--default quill-dropdown-item-label quill-typography__color--disabled"
                >
                  31
                </p>
              </li>
              <li
                class="quill-dropdown-item quill-dropdown-item__size--md quill-dropdown-item__align-center quill-dropdown-item__selected--false__disabled--true quill-wheel-picker__data-item"
                role="option"
                tabindex="0"
              >
                <p
                  class="quill-typography quill-typography__body-text__size--md__weight--regular__decoration--default quill-typography__color--default quill-dropdown-item-label quill-typography__color--disabled"
                >
                  32
                </p>
              </li>
              <li
                class="quill-dropdown-item quill-dropdown-item__size--md quill-dropdown-item__align-center quill-dropdown-item__selected--false__disabled--true quill-wheel-picker__data-item"
                role="option"
                tabindex="0"
              >
                <p
                  class="quill-typography quill-typography__body-text__size--md__weight--regular__decoration--default quill-typography__color--default quill-dropdown-item-label quill-typography__color--disabled"
                >
                  33
                </p>
              </li>
              <li
                class="quill-dropdown-item quill-dropdown-item__size--md quill-dropdown-item__align-center quill-dropdown-item__selected--false__disabled--true quill-wheel-picker__data-item"
                role="option"
                tabindex="0"
              >
                <p
                  class="quill-typography quill-typography__body-text__size--md__weight--regular__decoration--default quill-typography__color--default quill-dropdown-item-label quill-typography__color--disabled"
                >
                  34
                </p>
              </li>
              <li
                class="quill-dropdown-item quill-dropdown-item__size--md quill-dropdown-item__align-center quill-dropdown-item__selected--false__disabled--true quill-wheel-picker__data-item"
                role="option"
                tabindex="0"
              >
                <p
                  class="quill-typography quill-typography__body-text__size--md__weight--regular__decoration--default quill-typography__color--default quill-dropdown-item-label quill-typography__color--disabled"
                >
                  35
                </p>
              </li>
              <li
                class="quill-dropdown-item quill-dropdown-item__size--md quill-dropdown-item__align-center quill-dropdown-item__selected--false__disabled--true quill-wheel-picker__data-item"
                role="option"
                tabindex="0"
              >
                <p
                  class="quill-typography quill-typography__body-text__size--md__weight--regular__decoration--default quill-typography__color--default quill-dropdown-item-label quill-typography__color--disabled"
                >
                  36
                </p>
              </li>
              <li
                class="quill-dropdown-item quill-dropdown-item__size--md quill-dropdown-item__align-center quill-dropdown-item__selected--false__disabled--true quill-wheel-picker__data-item"
                role="option"
                tabindex="0"
              >
                <p
                  class="quill-typography quill-typography__body-text__size--md__weight--regular__decoration--default quill-typography__color--default quill-dropdown-item-label quill-typography__color--disabled"
                >
                  37
                </p>
              </li>
              <li
                class="quill-dropdown-item quill-dropdown-item__size--md quill-dropdown-item__align-center quill-dropdown-item__selected--false__disabled--true quill-wheel-picker__data-item"
                role="option"
                tabindex="0"
              >
                <p
                  class="quill-typography quill-typography__body-text__size--md__weight--regular__decoration--default quill-typography__color--default quill-dropdown-item-label quill-typography__color--disabled"
                >
                  38
                </p>
              </li>
              <li
                class="quill-dropdown-item quill-dropdown-item__size--md quill-dropdown-item__align-center quill-dropdown-item__selected--false__disabled--true quill-wheel-picker__data-item"
                role="option"
                tabindex="0"
              >
                <p
                  class="quill-typography quill-typography__body-text__size--md__weight--regular__decoration--default quill-typography__color--default quill-dropdown-item-label quill-typography__color--disabled"
                >
                  39
                </p>
              </li>
              <li
                class="quill-dropdown-item quill-dropdown-item__size--md quill-dropdown-item__align-center quill-dropdown-item__selected--false__disabled--true quill-wheel-picker__data-item"
                role="option"
                tabindex="0"
              >
                <p
                  class="quill-typography quill-typography__body-text__size--md__weight--regular__decoration--default quill-typography__color--default quill-dropdown-item-label quill-typography__color--disabled"
                >
                  40
                </p>
              </li>
              <li
                class="quill-dropdown-item quill-dropdown-item__size--md quill-dropdown-item__align-center quill-dropdown-item__selected--false__disabled--true quill-wheel-picker__data-item"
                role="option"
                tabindex="0"
              >
                <p
                  class="quill-typography quill-typography__body-text__size--md__weight--regular__decoration--default quill-typography__color--default quill-dropdown-item-label quill-typography__color--disabled"
                >
                  41
                </p>
              </li>
              <li
                class="quill-dropdown-item quill-dropdown-item__size--md quill-dropdown-item__align-center quill-dropdown-item__selected--false__disabled--true quill-wheel-picker__data-item"
                role="option"
                tabindex="0"
              >
                <p
                  class="quill-typography quill-typography__body-text__size--md__weight--regular__decoration--default quill-typography__color--default quill-dropdown-item-label quill-typography__color--disabled"
                >
                  42
                </p>
              </li>
              <li
                class="quill-dropdown-item quill-dropdown-item__size--md quill-dropdown-item__align-center quill-dropdown-item__selected--false__disabled--true quill-wheel-picker__data-item"
                role="option"
                tabindex="0"
              >
                <p
                  class="quill-typography quill-typography__body-text__size--md__weight--regular__decoration--default quill-typography__color--default quill-dropdown-item-label quill-typography__color--disabled"
                >
                  43
                </p>
              </li>
              <li
                class="quill-dropdown-item quill-dropdown-item__size--md quill-dropdown-item__align-center quill-dropdown-item__selected--false__disabled--true quill-wheel-picker__data-item"
                role="option"
                tabindex="0"
              >
                <p
                  class="quill-typography quill-typography__body-text__size--md__weight--regular__decoration--default quill-typography__color--default quill-dropdown-item-label quill-typography__color--disabled"
                >
                  44
                </p>
              </li>
              <li
                class="quill-dropdown-item quill-dropdown-item__size--md quill-dropdown-item__align-center quill-dropdown-item__selected--false__disabled--true quill-wheel-picker__data-item"
                role="option"
                tabindex="0"
              >
                <p
                  class="quill-typography quill-typography__body-text__size--md__weight--regular__decoration--default quill-typography__color--default quill-dropdown-item-label quill-typography__color--disabled"
                >
                  45
                </p>
              </li>
              <li
                class="quill-dropdown-item quill-dropdown-item__size--md quill-dropdown-item__align-center quill-dropdown-item__selected--false__disabled--true quill-wheel-picker__data-item"
                role="option"
                tabindex="0"
              >
                <p
                  class="quill-typography quill-typography__body-text__size--md__weight--regular__decoration--default quill-typography__color--default quill-dropdown-item-label quill-typography__color--disabled"
                >
                  46
                </p>
              </li>
              <li
                class="quill-dropdown-item quill-dropdown-item__size--md quill-dropdown-item__align-center quill-dropdown-item__selected--false__disabled--true quill-wheel-picker__data-item"
                role="option"
                tabindex="0"
              >
                <p
                  class="quill-typography quill-typography__body-text__size--md__weight--regular__decoration--default quill-typography__color--default quill-dropdown-item-label quill-typography__color--disabled"
                >
                  47
                </p>
              </li>
              <li
                class="quill-dropdown-item quill-dropdown-item__size--md quill-dropdown-item__align-center quill-dropdown-item__selected--false__disabled--true quill-wheel-picker__data-item"
                role="option"
                tabindex="0"
              >
                <p
                  class="quill-typography quill-typography__body-text__size--md__weight--regular__decoration--default quill-typography__color--default quill-dropdown-item-label quill-typography__color--disabled"
                >
                  48
                </p>
              </li>
              <li
                class="quill-dropdown-item quill-dropdown-item__size--md quill-dropdown-item__align-center quill-dropdown-item__selected--false__disabled--true quill-wheel-picker__data-item"
                role="option"
                tabindex="0"
              >
                <p
                  class="quill-typography quill-typography__body-text__size--md__weight--regular__decoration--default quill-typography__color--default quill-dropdown-item-label quill-typography__color--disabled"
                >
                  49
                </p>
              </li>
              <li
                class="quill-dropdown-item quill-dropdown-item__size--md quill-dropdown-item__align-center quill-dropdown-item__selected--false__disabled--true quill-wheel-picker__data-item"
                role="option"
                tabindex="0"
              >
                <p
                  class="quill-typography quill-typography__body-text__size--md__weight--regular__decoration--default quill-typography__color--default quill-dropdown-item-label quill-typography__color--disabled"
                >
                  50
                </p>
              </li>
              <li
                class="quill-dropdown-item quill-dropdown-item__size--md quill-dropdown-item__align-center quill-dropdown-item__selected--false__disabled--true quill-wheel-picker__data-item"
                role="option"
                tabindex="0"
              >
                <p
                  class="quill-typography quill-typography__body-text__size--md__weight--regular__decoration--default quill-typography__color--default quill-dropdown-item-label quill-typography__color--disabled"
                >
                  51
                </p>
              </li>
              <li
                class="quill-dropdown-item quill-dropdown-item__size--md quill-dropdown-item__align-center quill-dropdown-item__selected--false__disabled--true quill-wheel-picker__data-item"
                role="option"
                tabindex="0"
              >
                <p
                  class="quill-typography quill-typography__body-text__size--md__weight--regular__decoration--default quill-typography__color--default quill-dropdown-item-label quill-typography__color--disabled"
                >
                  52
                </p>
              </li>
              <li
                class="quill-dropdown-item quill-dropdown-item__size--md quill-dropdown-item__align-center quill-dropdown-item__selected--false__disabled--true quill-wheel-picker__data-item"
                role="option"
                tabindex="0"
              >
                <p
                  class="quill-typography quill-typography__body-text__size--md__weight--regular__decoration--default quill-typography__color--default quill-dropdown-item-label quill-typography__color--disabled"
                >
                  53
                </p>
              </li>
              <li
                class="quill-dropdown-item quill-dropdown-item__size--md quill-dropdown-item__align-center quill-dropdown-item__selected--false__disabled--true quill-wheel-picker__data-item"
                role="option"
                tabindex="0"
              >
                <p
                  class="quill-typography quill-typography__body-text__size--md__weight--regular__decoration--default quill-typography__color--default quill-dropdown-item-label quill-typography__color--disabled"
                >
                  54
                </p>
              </li>
              <li
                class="quill-dropdown-item quill-dropdown-item__size--md quill-dropdown-item__align-center quill-dropdown-item__selected--false__disabled--true quill-wheel-picker__data-item"
                role="option"
                tabindex="0"
              >
                <p
                  class="quill-typography quill-typography__body-text__size--md__weight--regular__decoration--default quill-typography__color--default quill-dropdown-item-label quill-typography__color--disabled"
                >
                  55
                </p>
              </li>
              <li
                class="quill-dropdown-item quill-dropdown-item__size--md quill-dropdown-item__align-center quill-dropdown-item__selected--false__disabled--true quill-wheel-picker__data-item"
                role="option"
                tabindex="0"
              >
                <p
                  class="quill-typography quill-typography__body-text__size--md__weight--regular__decoration--default quill-typography__color--default quill-dropdown-item-label quill-typography__color--disabled"
                >
                  56
                </p>
              </li>
              <li
                class="quill-dropdown-item quill-dropdown-item__size--md quill-dropdown-item__align-center quill-dropdown-item__selected--false__disabled--true quill-wheel-picker__data-item"
                role="option"
                tabindex="0"
              >
                <p
                  class="quill-typography quill-typography__body-text__size--md__weight--regular__decoration--default quill-typography__color--default quill-dropdown-item-label quill-typography__color--disabled"
                >
                  57
                </p>
              </li>
              <li
                class="quill-dropdown-item quill-dropdown-item__size--md quill-dropdown-item__align-center quill-dropdown-item__selected--false__disabled--true quill-wheel-picker__data-item"
                role="option"
                tabindex="0"
              >
                <p
                  class="quill-typography quill-typography__body-text__size--md__weight--regular__decoration--default quill-typography__color--default quill-dropdown-item-label quill-typography__color--disabled"
                >
                  58
                </p>
              </li>
              <li
                class="quill-dropdown-item quill-dropdown-item__size--md quill-dropdown-item__align-center quill-dropdown-item__selected--false__disabled--true quill-wheel-picker__data-item"
                role="option"
                tabindex="0"
              >
                <p
                  class="quill-typography quill-typography__body-text__size--md__weight--regular__decoration--default quill-typography__color--default quill-dropdown-item-label quill-typography__color--disabled"
                >
                  59
                </p>
              </li>
            </ul>
          </div>
          <div
            class="quill-wheel-picker__container quill-wheel-picker__container-disabled-undefined"
            style="height: 100%;"
          >
            <ul
              class="quill-wheel-picker__data-items quill-wheel-picker__data-items-right"
              role="listbox"
            >
              <li
                class="quill-dropdown-item quill-dropdown-item__size--md quill-dropdown-item__align-center quill-dropdown-item__selected--false__disabled--false quill-wheel-picker__data-item"
                role="option"
                tabindex="0"
              >
                <p
                  class="quill-typography quill-typography__body-text__size--md__weight--regular__decoration--default quill-typography__color--default quill-dropdown-item-label"
                >
                  AM
                </p>
              </li>
              <li
                class="quill-dropdown-item quill-dropdown-item__size--md quill-dropdown-item__align-center quill-dropdown-item__selected--false__disabled--true quill-wheel-picker__data-item"
                role="option"
                tabindex="0"
              >
                <p
                  class="quill-typography quill-typography__body-text__size--md__weight--regular__decoration--default quill-typography__color--default quill-dropdown-item-label quill-typography__color--disabled"
                >
                  PM
                </p>
              </li>
            </ul>
          </div>
        </div>
      </div>
    </div>
  </div>
</div>
`;
