// Jest Snapshot v1, https://goo.gl/fbAQLP

exports[`Snackbar calls removeSnackbar after a certain duration when Snackbar is open 1`] = `<div />`;

exports[`Snackbar calls removeSnackbar when action button is clicked 1`] = `<div />`;

exports[`Snackbar calls removeSnackbar when close button is clicked 1`] = `<div />`;

exports[`Snackbar renders correctly with custom icon 1`] = `<div />`;

exports[`Snackbar renders correctly without action button 1`] = `<div />`;

exports[`Snackbar renders correctly without close button 1`] = `<div />`;

exports[`Snackbar renders with default props 1`] = `<div />`;
