// Jest Snapshot v1, https://goo.gl/fbAQLP

exports[`Action sheet example Should render action sheet 1`] = `
<div>
  <button>
    <button
      class="quill-button quill-button__size--md quill__color--primary-coral"
      data-state=""
    >
      <span
        class="button-label"
      >
        <p
          class="quill-typography__body-text__size--sm__weight--bold__decoration--default coral"
        >
          Click Here
        </p>
      </span>
    </button>
  </button>
</div>
`;
