// Jest Snapshot v1, https://goo.gl/fbAQLP

exports[`CheckboxGroup should render checkbox components according to passed config 1`] = `
<div>
  <div
    class="quill-checkbox-group checkbox-group--demo"
  >
    <div>
      <div
        class="quill-checkbox"
      >
        <div
          class="quill-checkbox__wrapper quill-checkbox__wrapper--left"
        >
          <input
            class="quill-checkbox__box"
            id="1"
            type="checkbox"
          />
          <svg
            class="quill-checkbox__box-icon"
            height="24"
            role="img"
            viewBox="0 0 32 32"
            width="24"
            xmlns="http://www.w3.org/2000/svg"
          >
            <path
              d="M9.75 7.75h12.5c1.367 0 2.5 1.133 2.5 2.5v12.5c0 1.406-1.133 2.5-2.5 2.5H9.75a2.47 2.47 0 0 1-2.5-2.5v-12.5c0-1.367 1.094-2.5 2.5-2.5m3.438 7.813a.925.925 0 0 0-.938.937c0 .547.39.938.938.938h5.624c.508 0 .938-.391.938-.938a.95.95 0 0 0-.937-.937z"
            />
          </svg>
        </div>
        <label
          for="1"
        >
          <span
            class="quill-typography__body-text__size--sm__weight--regular__decoration--default quill-typography__color--default quill-checkbox__label"
          >
            Parent 1
          </span>
        </label>
        <svg
          class="quill-checkbox__info-icon"
          height="22"
          role="img"
          viewBox="0 0 14 22"
          width="14"
          xmlns="http://www.w3.org/2000/svg"
        >
          <g>
            <path
              d="M7 4.625a6.11 6.11 0 0 0-5.305 3.063c-1.12 1.914-1.12 4.238 0 6.125C2.79 15.727 4.785 16.875 7 16.875a6.04 6.04 0 0 0 5.277-3.062c1.121-1.887 1.121-4.211 0-6.126A6.1 6.1 0 0 0 7 4.626M7 17.75a6.96 6.96 0 0 1-6.07-3.5c-1.258-2.16-1.258-4.812 0-7A7.02 7.02 0 0 1 7 3.75c2.488 0 4.785 1.34 6.043 3.5 1.258 2.188 1.258 4.84 0 7A6.95 6.95 0 0 1 7 17.75m-1.312-4.375h.875V10.75h-.657a.43.43 0 0 1-.437-.437.45.45 0 0 1 .437-.438H7a.47.47 0 0 1 .438.438v3.062h.875a.47.47 0 0 1 .437.438.45.45 0 0 1-.437.437H5.687a.43.43 0 0 1-.437-.437.45.45 0 0 1 .438-.438M7 8.781a.63.63 0 0 1-.656-.656c0-.355.273-.656.656-.656.355 0 .656.3.656.656 0 .383-.3.656-.656.656"
            />
          </g>
          <defs>
            <clippath
              id="3fb0cccce81258a9efca5c3d839cde39__a"
            >
              <path
                d="M0 0h14v22H0z"
              />
            </clippath>
          </defs>
        </svg>
      </div>
      <div
        class="quill-checkbox-group__children-wrapper"
      >
        <div
          class="quill-checkbox"
        >
          <div
            class="quill-checkbox__wrapper quill-checkbox__wrapper--left"
          >
            <input
              checked=""
              class="quill-checkbox__box"
              id="2"
              type="checkbox"
            />
            <svg
              class="quill-checkbox__box-icon"
              height="24"
              role="img"
              viewBox="0 0 32 32"
              width="24"
              xmlns="http://www.w3.org/2000/svg"
            >
              <path
                d="M9.75 7.75h12.5c1.367 0 2.5 1.133 2.5 2.5v12.5c0 1.406-1.133 2.5-2.5 2.5H9.75a2.47 2.47 0 0 1-2.5-2.5v-12.5c0-1.367 1.094-2.5 2.5-2.5m10.664 6.914h-.039c.39-.351.39-.937 0-1.328a.92.92 0 0 0-1.29 0L14.75 17.71l-1.836-1.836c-.39-.39-.976-.39-1.328 0a.856.856 0 0 0 0 1.29l2.5 2.5c.351.39.937.39 1.328 0z"
              />
            </svg>
          </div>
          <label
            for="2"
          >
            <span
              class="quill-typography__body-text__size--sm__weight--regular__decoration--default quill-typography__color--default quill-checkbox__label"
            >
              Child 1
            </span>
          </label>
        </div>
        <div
          class="quill-checkbox"
        >
          <div
            class="quill-checkbox__wrapper quill-checkbox__wrapper--left"
          >
            <input
              class="quill-checkbox__box"
              id="3"
              type="checkbox"
            />
            <svg
              class="quill-checkbox__box-icon quill-checkbox__box-icon--pale"
              height="24"
              role="img"
              viewBox="0 0 32 32"
              width="24"
              xmlns="http://www.w3.org/2000/svg"
            >
              <path
                d="M22.25 9.625H9.75a.64.64 0 0 0-.625.625v12.5c0 .352.273.625.625.625h12.5a.64.64 0 0 0 .625-.625v-12.5c0-.312-.312-.625-.625-.625M9.75 7.75h12.5c1.367 0 2.5 1.133 2.5 2.5v12.5c0 1.406-1.133 2.5-2.5 2.5H9.75a2.47 2.47 0 0 1-2.5-2.5v-12.5c0-1.367 1.094-2.5 2.5-2.5"
              />
            </svg>
          </div>
          <label
            for="3"
          >
            <span
              class="quill-typography__body-text__size--sm__weight--regular__decoration--default quill-typography__color--default quill-checkbox__label"
            >
              Child 2
            </span>
          </label>
        </div>
        <div
          class="quill-checkbox"
        >
          <div
            class="quill-checkbox__wrapper quill-checkbox__wrapper--left"
          >
            <input
              class="quill-checkbox__box"
              id="4"
              type="checkbox"
            />
            <svg
              class="quill-checkbox__box-icon quill-checkbox__box-icon--pale"
              height="24"
              role="img"
              viewBox="0 0 32 32"
              width="24"
              xmlns="http://www.w3.org/2000/svg"
            >
              <path
                d="M22.25 9.625H9.75a.64.64 0 0 0-.625.625v12.5c0 .352.273.625.625.625h12.5a.64.64 0 0 0 .625-.625v-12.5c0-.312-.312-.625-.625-.625M9.75 7.75h12.5c1.367 0 2.5 1.133 2.5 2.5v12.5c0 1.406-1.133 2.5-2.5 2.5H9.75a2.47 2.47 0 0 1-2.5-2.5v-12.5c0-1.367 1.094-2.5 2.5-2.5"
              />
            </svg>
          </div>
          <label
            for="4"
          >
            <span
              class="quill-typography__body-text__size--sm__weight--regular__decoration--default quill-typography__color--default quill-checkbox__label"
            >
              Child 3
            </span>
          </label>
        </div>
      </div>
    </div>
    <div>
      <div
        class="quill-checkbox"
      >
        <div
          class="quill-checkbox__wrapper quill-checkbox__wrapper--left"
        >
          <input
            class="quill-checkbox__box"
            id="5"
            type="checkbox"
          />
          <svg
            class="quill-checkbox__box-icon quill-checkbox__box-icon--pale"
            height="24"
            role="img"
            viewBox="0 0 32 32"
            width="24"
            xmlns="http://www.w3.org/2000/svg"
          >
            <path
              d="M22.25 9.625H9.75a.64.64 0 0 0-.625.625v12.5c0 .352.273.625.625.625h12.5a.64.64 0 0 0 .625-.625v-12.5c0-.312-.312-.625-.625-.625M9.75 7.75h12.5c1.367 0 2.5 1.133 2.5 2.5v12.5c0 1.406-1.133 2.5-2.5 2.5H9.75a2.47 2.47 0 0 1-2.5-2.5v-12.5c0-1.367 1.094-2.5 2.5-2.5"
            />
          </svg>
        </div>
        <label
          for="5"
        >
          <span
            class="quill-typography__body-text__size--sm__weight--regular__decoration--default quill-typography__color--default quill-checkbox__label"
          >
            Parent 2
          </span>
        </label>
      </div>
      <div
        class="quill-checkbox-group__children-wrapper"
      >
        <div
          class="quill-checkbox"
        >
          <div
            class="quill-checkbox__wrapper quill-checkbox__wrapper--left"
          >
            <input
              class="quill-checkbox__box"
              id="6"
              type="checkbox"
            />
            <svg
              class="quill-checkbox__box-icon quill-checkbox__box-icon--pale"
              height="24"
              role="img"
              viewBox="0 0 32 32"
              width="24"
              xmlns="http://www.w3.org/2000/svg"
            >
              <path
                d="M22.25 9.625H9.75a.64.64 0 0 0-.625.625v12.5c0 .352.273.625.625.625h12.5a.64.64 0 0 0 .625-.625v-12.5c0-.312-.312-.625-.625-.625M9.75 7.75h12.5c1.367 0 2.5 1.133 2.5 2.5v12.5c0 1.406-1.133 2.5-2.5 2.5H9.75a2.47 2.47 0 0 1-2.5-2.5v-12.5c0-1.367 1.094-2.5 2.5-2.5"
              />
            </svg>
          </div>
          <label
            for="6"
          >
            <span
              class="quill-typography__body-text__size--sm__weight--regular__decoration--default quill-typography__color--default quill-checkbox__label"
            >
              Child 1
            </span>
          </label>
        </div>
      </div>
    </div>
    <div>
      <div
        class="quill-checkbox"
      >
        <div
          class="quill-checkbox__wrapper quill-checkbox__wrapper--left"
        >
          <input
            checked=""
            class="quill-checkbox__box"
            id="7"
            type="checkbox"
          />
          <svg
            class="quill-checkbox__box-icon"
            height="24"
            role="img"
            viewBox="0 0 32 32"
            width="24"
            xmlns="http://www.w3.org/2000/svg"
          >
            <path
              d="M9.75 7.75h12.5c1.367 0 2.5 1.133 2.5 2.5v12.5c0 1.406-1.133 2.5-2.5 2.5H9.75a2.47 2.47 0 0 1-2.5-2.5v-12.5c0-1.367 1.094-2.5 2.5-2.5m10.664 6.914h-.039c.39-.351.39-.937 0-1.328a.92.92 0 0 0-1.29 0L14.75 17.71l-1.836-1.836c-.39-.39-.976-.39-1.328 0a.856.856 0 0 0 0 1.29l2.5 2.5c.351.39.937.39 1.328 0z"
            />
          </svg>
        </div>
        <label
          for="7"
        >
          <span
            class="quill-typography__body-text__size--sm__weight--regular__decoration--default quill-typography__color--default quill-checkbox__label"
          >
            Parent 3
          </span>
        </label>
        <svg
          class="quill-checkbox__info-icon"
          height="22"
          role="img"
          viewBox="0 0 14 22"
          width="14"
          xmlns="http://www.w3.org/2000/svg"
        >
          <g>
            <path
              d="M7 4.625a6.11 6.11 0 0 0-5.305 3.063c-1.12 1.914-1.12 4.238 0 6.125C2.79 15.727 4.785 16.875 7 16.875a6.04 6.04 0 0 0 5.277-3.062c1.121-1.887 1.121-4.211 0-6.126A6.1 6.1 0 0 0 7 4.626M7 17.75a6.96 6.96 0 0 1-6.07-3.5c-1.258-2.16-1.258-4.812 0-7A7.02 7.02 0 0 1 7 3.75c2.488 0 4.785 1.34 6.043 3.5 1.258 2.188 1.258 4.84 0 7A6.95 6.95 0 0 1 7 17.75m-1.312-4.375h.875V10.75h-.657a.43.43 0 0 1-.437-.437.45.45 0 0 1 .437-.438H7a.47.47 0 0 1 .438.438v3.062h.875a.47.47 0 0 1 .437.438.45.45 0 0 1-.437.437H5.687a.43.43 0 0 1-.437-.437.45.45 0 0 1 .438-.438M7 8.781a.63.63 0 0 1-.656-.656c0-.355.273-.656.656-.656.355 0 .656.3.656.656 0 .383-.3.656-.656.656"
            />
          </g>
          <defs>
            <clippath
              id="3fb0cccce81258a9efca5c3d839cde39__a"
            >
              <path
                d="M0 0h14v22H0z"
              />
            </clippath>
          </defs>
        </svg>
      </div>
    </div>
    <div>
      <div
        class="quill-checkbox quill-checkbox--disabled"
      >
        <div
          class="quill-checkbox__wrapper quill-checkbox__wrapper--left"
        >
          <input
            class="quill-checkbox__box"
            disabled=""
            id="8"
            type="checkbox"
          />
          <svg
            class="quill-checkbox__box-icon quill-checkbox__box-icon--pale"
            height="24"
            role="img"
            viewBox="0 0 32 32"
            width="24"
            xmlns="http://www.w3.org/2000/svg"
          >
            <path
              d="M22.25 9.625H9.75a.64.64 0 0 0-.625.625v12.5c0 .352.273.625.625.625h12.5a.64.64 0 0 0 .625-.625v-12.5c0-.312-.312-.625-.625-.625M9.75 7.75h12.5c1.367 0 2.5 1.133 2.5 2.5v12.5c0 1.406-1.133 2.5-2.5 2.5H9.75a2.47 2.47 0 0 1-2.5-2.5v-12.5c0-1.367 1.094-2.5 2.5-2.5"
            />
          </svg>
        </div>
        <label
          for="8"
        >
          <span
            class="quill-typography__body-text__size--sm__weight--regular__decoration--default quill-typography__color--default quill-checkbox__label"
          >
            Parent 4
          </span>
        </label>
      </div>
      <div
        class="quill-checkbox-group__children-wrapper"
      >
        <div
          class="quill-checkbox quill-checkbox--disabled"
        >
          <div
            class="quill-checkbox__wrapper quill-checkbox__wrapper--left"
          >
            <input
              class="quill-checkbox__box"
              disabled=""
              id="9"
              type="checkbox"
            />
            <svg
              class="quill-checkbox__box-icon quill-checkbox__box-icon--pale"
              height="24"
              role="img"
              viewBox="0 0 32 32"
              width="24"
              xmlns="http://www.w3.org/2000/svg"
            >
              <path
                d="M22.25 9.625H9.75a.64.64 0 0 0-.625.625v12.5c0 .352.273.625.625.625h12.5a.64.64 0 0 0 .625-.625v-12.5c0-.312-.312-.625-.625-.625M9.75 7.75h12.5c1.367 0 2.5 1.133 2.5 2.5v12.5c0 1.406-1.133 2.5-2.5 2.5H9.75a2.47 2.47 0 0 1-2.5-2.5v-12.5c0-1.367 1.094-2.5 2.5-2.5"
              />
            </svg>
          </div>
          <label
            for="9"
          >
            <span
              class="quill-typography__body-text__size--sm__weight--regular__decoration--default quill-typography__color--default quill-checkbox__label"
            >
              Child 1
            </span>
          </label>
          <svg
            class="quill-checkbox__info-icon"
            height="22"
            role="img"
            viewBox="0 0 14 22"
            width="14"
            xmlns="http://www.w3.org/2000/svg"
          >
            <g>
              <path
                d="M7 4.625a6.11 6.11 0 0 0-5.305 3.063c-1.12 1.914-1.12 4.238 0 6.125C2.79 15.727 4.785 16.875 7 16.875a6.04 6.04 0 0 0 5.277-3.062c1.121-1.887 1.121-4.211 0-6.126A6.1 6.1 0 0 0 7 4.626M7 17.75a6.96 6.96 0 0 1-6.07-3.5c-1.258-2.16-1.258-4.812 0-7A7.02 7.02 0 0 1 7 3.75c2.488 0 4.785 1.34 6.043 3.5 1.258 2.188 1.258 4.84 0 7A6.95 6.95 0 0 1 7 17.75m-1.312-4.375h.875V10.75h-.657a.43.43 0 0 1-.437-.437.45.45 0 0 1 .437-.438H7a.47.47 0 0 1 .438.438v3.062h.875a.47.47 0 0 1 .437.438.45.45 0 0 1-.437.437H5.687a.43.43 0 0 1-.437-.437.45.45 0 0 1 .438-.438M7 8.781a.63.63 0 0 1-.656-.656c0-.355.273-.656.656-.656.355 0 .656.3.656.656 0 .383-.3.656-.656.656"
              />
            </g>
            <defs>
              <clippath
                id="3fb0cccce81258a9efca5c3d839cde39__a"
              >
                <path
                  d="M0 0h14v22H0z"
                />
              </clippath>
            </defs>
          </svg>
        </div>
        <div
          class="quill-checkbox quill-checkbox--disabled"
        >
          <div
            class="quill-checkbox__wrapper quill-checkbox__wrapper--left"
          >
            <input
              class="quill-checkbox__box"
              disabled=""
              id="10"
              type="checkbox"
            />
            <svg
              class="quill-checkbox__box-icon quill-checkbox__box-icon--pale"
              height="24"
              role="img"
              viewBox="0 0 32 32"
              width="24"
              xmlns="http://www.w3.org/2000/svg"
            >
              <path
                d="M22.25 9.625H9.75a.64.64 0 0 0-.625.625v12.5c0 .352.273.625.625.625h12.5a.64.64 0 0 0 .625-.625v-12.5c0-.312-.312-.625-.625-.625M9.75 7.75h12.5c1.367 0 2.5 1.133 2.5 2.5v12.5c0 1.406-1.133 2.5-2.5 2.5H9.75a2.47 2.47 0 0 1-2.5-2.5v-12.5c0-1.367 1.094-2.5 2.5-2.5"
              />
            </svg>
          </div>
          <label
            for="10"
          >
            <span
              class="quill-typography__body-text__size--sm__weight--regular__decoration--default quill-typography__color--default quill-checkbox__label"
            >
              Child 2
            </span>
          </label>
        </div>
      </div>
    </div>
  </div>
</div>
`;
