// Jest Snapshot v1, https://goo.gl/fbAQLP

exports[`SectionMessage renders correctly with default props 1`] = `
<div>
  <div
    class="section-message section-message--undefined"
  >
    <div
      class="section-message-content"
    >
      <div
        class="title-and-message"
      >
        <p
          class="quill-typography quill-typography__body-text__size--lg__weight--bold__decoration--default quill-typography__color--default"
        >
          Test Title
        </p>
        <p
          class="quill-typography quill-typography__body-text__size--md__weight--regular__decoration--default quill-typography__color--default"
        >
          Test message content
        </p>
      </div>
    </div>
  </div>
</div>
`;
