// Jest Snapshot v1, https://goo.gl/fbAQLP

exports[`SegmentedControl renders correctly and matches snapshot 1`] = `
<div>
  <div>
    <button
      class="item selected"
    >
      <span
        class="quill-typography quill-typography__body-text__size--md__weight--regular__decoration--default quill-typography__color--default"
      >
        Option 1
      </span>
    </button>
    <button
      class="item"
    >
      <span
        class="quill-typography quill-typography__body-text__size--md__weight--regular__decoration--default quill-typography__color--default"
      >
        Option 2
      </span>
    </button>
    <button
      class="item"
      disabled=""
    >
      <span
        class="quill-typography quill-typography__body-text__size--md__weight--regular__decoration--default quill-typography__color--default"
      >
        Option 3
      </span>
    </button>
  </div>
</div>
`;

exports[`SegmentedControl renders with animation when hasAnimation is true 1`] = `
<div>
  <div>
    <button
      class="item selected"
    >
      <span
        class="quill-typography quill-typography__body-text__size--md__weight--regular__decoration--default quill-typography__color--default"
      >
        Option 1
      </span>
    </button>
    <button
      class="item"
    >
      <span
        class="quill-typography quill-typography__body-text__size--md__weight--regular__decoration--default quill-typography__color--default"
      >
        Option 2
      </span>
    </button>
    <button
      class="item"
      disabled=""
    >
      <span
        class="quill-typography quill-typography__body-text__size--md__weight--regular__decoration--default quill-typography__color--default"
      >
        Option 3
      </span>
    </button>
  </div>
</div>
`;
